events 832
event 0 UFC 331 - Van vs. Pantoja 2
event 50 UFC Fight Night 263 - Garcia vs. Onama
event 100 UFC Fight Night 245 - Hernandez vs. Pereira
event 150 UFC Fight Night 235 - Dolidze vs. Imavov
event 200 UFC 283 - Teixeira vs. Hill
event 250 UFC 273 - Volkanovski vs. Korean Zombie
event 300 UFC Fight Night 184 - Overeem vs. Volkov
event 350 UFC Fight Night 169 - Benavidez vs. Figueiredo
event 400 UFC on Fox 31 - Iaquinta vs. Lee 2
event 500 UFC Fight Night 96 - Lineker vs. Dodson
event 550 UFC Fight Night 70 - Machida vs. Romero
event 600 UFC Fight Night 47 - Bader vs. St. Preux
event 650 UFC on FX 8 - Belfort vs. Rockhold
event 700 UFC on Fuel TV 1 - Sanchez vs. Ellenberger
event 750 UFC 111 - St. Pierre vs. Hardy
event 800 UFC 84 - Ill Will
event 850 UFC 53 - Heavy Hitters
event 900 UFC 17 - Redemption
fighters 2887
fighter 0 /fighter/AJ-Cunningham-228033
fighter 200 /fighter/Antonio-Mendes-7110
fighter 400 /fighter/Carlo-Prater-6767
fighter 600 /fighter/Dan-Cramer-42310
fighter 800 /fighter/Eduarda-Moura-395040
fighter 1000 /fighter/Guto-Inocente-17786
fighter 1200 /fighter/Jay-Hieron-9267
fighter 1400 /fighter/Jose-Mauro-Delano-177407
fighter 1600 /fighter/Koji-Oishi-249
fighter 1800 /fighter/Marcus-LeVesseur-23538
fighter 2000 /fighter/Mostapha-AlTurk-8224
fighter 2200 /fighter/Quinn-Mulhern-22873
fighter 2400 /fighter/Ryan-Spann-68057
fighter 2600 /fighter/Talita-Alencar-386905
fighter 2800 /fighter/Wesley-Correira-2829
DONE 2887 69221
