{'p0_mult': 0.06, 'q_mult': 0.01, 'phi': 1.0, 'll_str': -7.33462, 'll_td': -1.48545, 'll_kd': -0.7115, 'll_sub': -1.06202, 'll_ctl': -7.36832, 'll_kof': -0.61141, 'll_sbf': -0.42845}
{'p0_mult': 0.06, 'q_mult': 0.01, 'phi': 3.0, 'll_str': -7.48094, 'll_td': -1.51531, 'll_kd': -0.71371, 'll_sub': -1.07309, 'll_ctl': -7.64382, 'll_kof': -0.61313, 'll_sbf': -0.43015}
{'p0_mult': 0.06, 'q_mult': 0.03, 'phi': 1.0, 'll_str': -7.33117, 'll_td': -1.48311, 'll_kd': -0.71129, 'll_sub': -1.06109, 'll_ctl': -7.36014, 'll_kof': -0.61131, 'll_sbf': -0.42837}
{'p0_mult': 0.06, 'q_mult': 0.03, 'phi': 3.0, 'll_str': -7.46008, 'll_td': -1.51393, 'll_kd': -0.71363, 'll_sub': -1.07288, 'll_ctl': -7.61441, 'll_kof': -0.61312, 'll_sbf': -0.4302}
{'p0_mult': 0.06, 'q_mult': 0.1, 'phi': 1.0, 'll_str': -7.35256, 'll_td': -1.47849, 'll_kd': -0.71089, 'll_sub': -1.05915, 'll_ctl': -7.39298, 'll_kof': -0.61112, 'll_sbf': -0.42811}
{'p0_mult': 0.06, 'q_mult': 0.1, 'phi': 3.0, 'll_str': -7.43027, 'll_td': -1.51114, 'll_kd': -0.71346, 'll_sub': -1.07228, 'll_ctl': -7.57469, 'll_kof': -0.61311, 'll_sbf': -0.43019}
{'p0_mult': 0.12, 'q_mult': 0.01, 'phi': 1.0, 'll_str': -7.35796, 'll_td': -1.46515, 'll_kd': -0.70951, 'll_sub': -1.05436, 'll_ctl': -7.34161, 'll_kof': -0.6101, 'll_sbf': -0.42699}
{'p0_mult': 0.12, 'q_mult': 0.01, 'phi': 3.0, 'll_str': -7.37568, 'll_td': -1.50097, 'll_kd': -0.71303, 'll_sub': -1.06956, 'll_ctl': -7.46586, 'll_kof': -0.61295, 'll_sbf': -0.42998}
{'p0_mult': 0.12, 'q_mult': 0.03, 'phi': 1.0, 'll_str': -7.35612, 'll_td': -1.46399, 'll_kd': -0.70939, 'll_sub': -1.05385, 'll_ctl': -7.33965, 'll_kof': -0.61004, 'll_sbf': -0.42696}
{'p0_mult': 0.12, 'q_mult': 0.03, 'phi': 3.0, 'll_str': -7.3667, 'll_td': -1.50018, 'll_kd': -0.71296, 'll_sub': -1.06952, 'll_ctl': -7.45282, 'll_kof': -0.61296, 'll_sbf': -0.43007}
{'p0_mult': 0.12, 'q_mult': 0.1, 'phi': 1.0, 'll_str': -7.38465, 'll_td': -1.46142, 'll_kd': -0.70917, 'll_sub': -1.05262, 'll_ctl': -7.37529, 'll_kof': -0.60999, 'll_sbf': -0.42682}
{'p0_mult': 0.12, 'q_mult': 0.1, 'phi': 3.0, 'll_str': -7.35771, 'll_td': -1.49816, 'll_kd': -0.71283, 'll_sub': -1.06936, 'll_ctl': -7.43935, 'll_kof': -0.61306, 'll_sbf': -0.43022}
{'p0_mult': 0.25, 'q_mult': 0.01, 'phi': 1.0, 'll_str': -7.51995, 'll_td': -1.4495, 'll_kd': -0.70803, 'll_sub': -1.04914, 'll_ctl': -7.47253, 'll_kof': -0.60927, 'll_sbf': -0.4252}
{'p0_mult': 0.25, 'q_mult': 0.01, 'phi': 3.0, 'll_str': -7.3452, 'll_td': -1.4854, 'll_kd': -0.71259, 'll_sub': -1.0663, 'll_ctl': -7.37985, 'll_kof': -0.61348, 'll_sbf': -0.43019}
{'p0_mult': 0.25, 'q_mult': 0.03, 'phi': 1.0, 'll_str': -7.5135, 'll_td': -1.44915, 'll_kd': -0.70808, 'll_sub': -1.04902, 'll_ctl': -7.4697, 'll_kof': -0.60933, 'll_sbf': -0.42525}
{'p0_mult': 0.25, 'q_mult': 0.03, 'phi': 3.0, 'll_str': -7.34099, 'll_td': -1.48528, 'll_kd': -0.7126, 'll_sub': -1.06647, 'll_ctl': -7.37502, 'll_kof': -0.61356, 'll_sbf': -0.43032}
{'p0_mult': 0.25, 'q_mult': 0.1, 'phi': 1.0, 'll_str': -7.52772, 'll_td': -1.44869, 'll_kd': -0.70836, 'll_sub': -1.04887, 'll_ctl': -7.49464, 'll_kof': -0.60962, 'll_sbf': -0.42545}
{'p0_mult': 0.25, 'q_mult': 0.1, 'phi': 3.0, 'll_str': -7.34114, 'll_td': -1.48522, 'll_kd': -0.71272, 'll_sub': -1.06721, 'll_ctl': -7.37596, 'll_kof': -0.61391, 'll_sbf': -0.43079}
str best p0 x 0.06 q x 0.03 phi 1.0
td best p0 x 0.25 q x 0.1 phi 1.0
kd best p0 x 0.25 q x 0.01 phi 1.0
sub best p0 x 0.25 q x 0.1 phi 1.0
ctl best p0 x 0.12 q x 0.03 phi 1.0
kof best p0 x 0.25 q x 0.01 phi 1.0
sbf best p0 x 0.25 q x 0.01 phi 1.0
