{'p0_mult': 0.25, 'q_mult': 0.1, 'phi': 1.0, 'll_str': -7.52772, 'll_td': -1.44869, 'll_kd': -0.70836, 'll_sub': -1.04887, 'll_ctl': -7.49464, 'll_kof': -0.60962, 'll_sbf': -0.42545}
{'p0_mult': 0.25, 'q_mult': 0.1, 'phi': 3.0, 'll_str': -7.34114, 'll_td': -1.48522, 'll_kd': -0.71272, 'll_sub': -1.06721, 'll_ctl': -7.37596, 'll_kof': -0.61391, 'll_sbf': -0.43079}
{'p0_mult': 0.25, 'q_mult': 0.1, 'phi': 8.0, 'll_str': -7.39994, 'll_td': -1.51774, 'll_kd': -0.71552, 'll_sub': -1.08126, 'll_ctl': -7.56626, 'll_kof': -0.6163, 'll_sbf': -0.43325}
{'p0_mult': 0.25, 'q_mult': 0.3, 'phi': 1.0, 'll_str': -7.61501, 'll_td': -1.45012, 'll_kd': -0.70947, 'll_sub': -1.04979, 'll_ctl': -7.61058, 'll_kof': -0.61077, 'll_sbf': -0.42584}
{'p0_mult': 0.25, 'q_mult': 0.3, 'phi': 3.0, 'll_str': -7.37165, 'll_td': -1.48645, 'll_kd': -0.71299, 'll_sub': -1.06895, 'll_ctl': -7.4229, 'll_kof': -0.61468, 'll_sbf': -0.43137}
{'p0_mult': 0.25, 'q_mult': 0.3, 'phi': 8.0, 'll_str': -7.3912, 'll_td': -1.52007, 'll_kd': -0.71583, 'll_sub': -1.0838, 'll_ctl': -7.57181, 'll_kof': -0.61711, 'll_sbf': -0.43402}
{'p0_mult': 0.25, 'q_mult': 1.0, 'phi': 1.0, 'll_str': -7.85359, 'll_td': -1.45901, 'll_kd': -0.71024, 'll_sub': -1.05342, 'll_ctl': -7.93683, 'll_kof': -0.61178, 'll_sbf': -0.42587}
{'p0_mult': 0.25, 'q_mult': 1.0, 'phi': 3.0, 'll_str': -7.45925, 'll_td': -1.48844, 'll_kd': -0.71318, 'll_sub': -1.07011, 'll_ctl': -7.60051, 'll_kof': -0.61529, 'll_sbf': -0.43159}
{'p0_mult': 0.25, 'q_mult': 1.0, 'phi': 8.0, 'll_str': -7.386, 'll_td': -1.52058, 'll_kd': -0.71624, 'll_sub': -1.08488, 'll_ctl': -7.63779, 'll_kof': -0.61785, 'll_sbf': -0.4344}
{'p0_mult': 0.5, 'q_mult': 0.1, 'phi': 1.0, 'll_str': -7.81891, 'll_td': -1.45224, 'll_kd': -0.71337, 'll_sub': -1.05624, 'll_ctl': -7.80144, 'll_kof': -0.61434, 'll_sbf': -0.4267}
{'p0_mult': 0.5, 'q_mult': 0.1, 'phi': 3.0, 'll_str': -7.43579, 'll_td': -1.48594, 'll_kd': -0.71622, 'll_sub': -1.0733, 'll_ctl': -7.46807, 'll_kof': -0.61894, 'll_sbf': -0.43392}
{'p0_mult': 0.5, 'q_mult': 0.1, 'phi': 8.0, 'll_str': -7.3673, 'll_td': -1.52673, 'll_kd': -0.72045, 'll_sub': -1.09292, 'll_ctl': -7.53543, 'll_kof': -0.62312, 'll_sbf': -0.43839}
{'p0_mult': 0.5, 'q_mult': 0.3, 'phi': 1.0, 'll_str': -7.87481, 'll_td': -1.45636, 'll_kd': -0.71626, 'll_sub': -1.0591, 'll_ctl': -7.88476, 'll_kof': -0.61701, 'll_sbf': -0.42851}
{'p0_mult': 0.5, 'q_mult': 0.3, 'phi': 3.0, 'll_str': -7.46412, 'll_td': -1.49165, 'll_kd': -0.71817, 'll_sub': -1.07816, 'll_ctl': -7.51627, 'll_kof': -0.62147, 'll_sbf': -0.4361}
{'p0_mult': 0.5, 'q_mult': 0.3, 'phi': 8.0, 'll_str': -7.37475, 'll_td': -1.53579, 'll_kd': -0.72242, 'll_sub': -1.10004, 'll_ctl': -7.56604, 'll_kof': -0.62593, 'll_sbf': -0.44096}
{'p0_mult': 0.5, 'q_mult': 1.0, 'phi': 1.0, 'll_str': -8.09733, 'll_td': -1.47593, 'll_kd': -0.72556, 'll_sub': -1.07181, 'll_ctl': -8.17425, 'll_kof': -0.62623, 'll_sbf': -0.43306}
{'p0_mult': 0.5, 'q_mult': 1.0, 'phi': 3.0, 'll_str': -7.59654, 'll_td': -1.51348, 'll_kd': -0.72194, 'll_sub': -1.09186, 'll_ctl': -7.72363, 'll_kof': -0.62631, 'll_sbf': -0.43903}
{'p0_mult': 0.5, 'q_mult': 1.0, 'phi': 8.0, 'll_str': -7.43755, 'll_td': -1.5589, 'll_kd': -0.72506, 'll_sub': -1.11199, 'll_ctl': -7.73071, 'll_kof': -0.62978, 'll_sbf': -0.44375}
{'p0_mult': 1.0, 'q_mult': 0.1, 'phi': 1.0, 'll_str': -8.31604, 'll_td': -1.49615, 'll_kd': -0.73823, 'll_sub': -1.0916, 'll_ctl': -8.44415, 'll_kof': -0.63829, 'll_sbf': -0.44113}
{'p0_mult': 1.0, 'q_mult': 0.1, 'phi': 3.0, 'll_str': -7.70365, 'll_td': -1.53445, 'll_kd': -0.73651, 'll_sub': -1.11162, 'll_ctl': -7.86952, 'll_kof': -0.64244, 'll_sbf': -0.44985}
{'p0_mult': 1.0, 'q_mult': 0.1, 'phi': 8.0, 'll_str': -7.47257, 'll_td': -1.59784, 'll_kd': -0.74311, 'll_sub': -1.14319, 'll_ctl': -7.80879, 'll_kof': -0.65089, 'll_sbf': -0.45855}
{'p0_mult': 1.0, 'q_mult': 0.3, 'phi': 1.0, 'll_str': -8.32937, 'll_td': -1.50227, 'll_kd': -0.74284, 'll_sub': -1.09595, 'll_ctl': -8.49511, 'll_kof': -0.64287, 'll_sbf': -0.44441}
{'p0_mult': 1.0, 'q_mult': 0.3, 'phi': 3.0, 'll_str': -7.71799, 'll_td': -1.54434, 'll_kd': -0.7408, 'll_sub': -1.11936, 'll_ctl': -7.91448, 'll_kof': -0.64748, 'll_sbf': -0.45395}
{'p0_mult': 1.0, 'q_mult': 0.3, 'phi': 8.0, 'll_str': -7.48509, 'll_td': -1.61381, 'll_kd': -0.7479, 'll_sub': -1.1548, 'll_ctl': -7.85852, 'll_kof': -0.65704, 'll_sbf': -0.46367}
{'p0_mult': 1.0, 'q_mult': 1.0, 'phi': 1.0, 'll_str': -8.49829, 'll_td': -1.5303, 'll_kd': -0.76035, 'll_sub': -1.11553, 'll_ctl': -8.75436, 'll_kof': -0.66161, 'll_sbf': -0.45677}
{'p0_mult': 1.0, 'q_mult': 1.0, 'phi': 3.0, 'll_str': -7.84343, 'll_td': -1.58401, 'll_kd': -0.75715, 'll_sub': -1.1484, 'll_ctl': -8.13849, 'll_kof': -0.66707, 'll_sbf': -0.46799}
{'p0_mult': 1.0, 'q_mult': 1.0, 'phi': 8.0, 'll_str': -7.57598, 'll_td': -1.67368, 'll_kd': -0.76359, 'll_sub': -1.195, 'll_ctl': -8.09171, 'll_kof': -0.67685, 'll_sbf': -0.47787}
str best p0 x 0.25 q x 0.1 phi 3.0
td best p0 x 0.25 q x 0.1 phi 1.0
kd best p0 x 0.25 q x 0.1 phi 1.0
sub best p0 x 0.25 q x 0.1 phi 1.0
ctl best p0 x 0.25 q x 0.1 phi 3.0
kof best p0 x 0.25 q x 0.1 phi 1.0
sbf best p0 x 0.25 q x 0.1 phi 1.0
