0 {'num_leaves': 16, 'min_child_samples': 40, 'colsample_bytree': 0.15, 'learning_rate': 0.006, 'n_estimators': 300, 'reg_lambda': 80, 'subsample': 1.0, 'halflife': 4, 'n': 4015, 'logloss': np.float64(0.6589), 'brier': np.float64(0.2331), 'acc': np.float64(0.6249), 'auc': 0.6505, 'ece': np.float64(0.0587)}
1 {'num_leaves': 4, 'min_child_samples': 40, 'colsample_bytree': 0.25, 'learning_rate': 0.01, 'n_estimators': 800, 'reg_lambda': 15, 'subsample': 0.6, 'halflife': None, 'n': 4015, 'logloss': np.float64(0.6376), 'brier': np.float64(0.2234), 'acc': np.float64(0.6403), 'auc': 0.6698, 'ece': np.float64(0.0178)}
2 {'num_leaves': 16, 'min_child_samples': 200, 'colsample_bytree': 0.15, 'learning_rate': 0.006, 'n_estimators': 500, 'reg_lambda': 5, 'subsample': 1.0, 'halflife': 4, 'n': 4015, 'logloss': np.float64(0.6426), 'brier': np.float64(0.2256), 'acc': np.float64(0.6431), 'auc': 0.6649, 'ece': np.float64(0.0314)}
3 {'num_leaves': 8, 'min_child_samples': 120, 'colsample_bytree': 0.5, 'learning_rate': 0.015, 'n_estimators': 300, 'reg_lambda': 40, 'subsample': 1.0, 'halflife': 8, 'n': 4015, 'logloss': np.float64(0.6407), 'brier': np.float64(0.2247), 'acc': np.float64(0.6339), 'auc': 0.6661, 'ece': np.float64(0.0185)}
4 {'num_leaves': 16, 'min_child_samples': 80, 'colsample_bytree': 0.25, 'learning_rate': 0.015, 'n_estimators': 800, 'reg_lambda': 40, 'subsample': 1.0, 'halflife': None, 'n': 4015, 'logloss': np.float64(0.6366), 'brier': np.float64(0.2229), 'acc': np.float64(0.6376), 'auc': 0.6731, 'ece': np.float64(0.0218)}
5 {'num_leaves': 24, 'min_child_samples': 40, 'colsample_bytree': 0.15, 'learning_rate': 0.025, 'n_estimators': 1200, 'reg_lambda': 5, 'subsample': 0.6, 'halflife': None, 'n': 4015, 'logloss': np.float64(0.657), 'brier': np.float64(0.2298), 'acc': np.float64(0.6361), 'auc': 0.6646, 'ece': np.float64(0.0565)}
6 {'num_leaves': 4, 'min_child_samples': 300, 'colsample_bytree': 0.5, 'learning_rate': 0.015, 'n_estimators': 300, 'reg_lambda': 15, 'subsample': 0.6, 'halflife': 8, 'n': 4015, 'logloss': np.float64(0.6423), 'brier': np.float64(0.2255), 'acc': np.float64(0.6354), 'auc': 0.6632, 'ece': np.float64(0.0168)}
7 {'num_leaves': 8, 'min_child_samples': 40, 'colsample_bytree': 0.25, 'learning_rate': 0.015, 'n_estimators': 800, 'reg_lambda': 5, 'subsample': 0.6, 'halflife': None, 'n': 4015, 'logloss': np.float64(0.6349), 'brier': np.float64(0.2222), 'acc': np.float64(0.6349), 'auc': 0.6747, 'ece': np.float64(0.0214)}
8 {'num_leaves': 12, 'min_child_samples': 200, 'colsample_bytree': 0.35, 'learning_rate': 0.025, 'n_estimators': 1200, 'reg_lambda': 5, 'subsample': 0.8, 'halflife': 4, 'n': 4015, 'logloss': np.float64(0.6539), 'brier': np.float64(0.2294), 'acc': np.float64(0.6394), 'auc': 0.661, 'ece': np.float64(0.0554)}
9 {'num_leaves': 6, 'min_child_samples': 80, 'colsample_bytree': 0.35, 'learning_rate': 0.015, 'n_estimators': 500, 'reg_lambda': 40, 'subsample': 0.8, 'halflife': None, 'n': 4015, 'logloss': np.float64(0.6376), 'brier': np.float64(0.2234), 'acc': np.float64(0.6364), 'auc': 0.6702, 'ece': np.float64(0.0156)}
10 {'num_leaves': 8, 'min_child_samples': 300, 'colsample_bytree': 0.7, 'learning_rate': 0.015, 'n_estimators': 300, 'reg_lambda': 40, 'subsample': 0.6, 'halflife': 8, 'n': 4015, 'logloss': np.float64(0.6411), 'brier': np.float64(0.2249), 'acc': np.float64(0.6359), 'auc': 0.6659, 'ece': np.float64(0.0169)}
11 {'num_leaves': 24, 'min_child_samples': 120, 'colsample_bytree': 0.7, 'learning_rate': 0.025, 'n_estimators': 500, 'reg_lambda': 80, 'subsample': 0.8, 'halflife': None, 'n': 4015, 'logloss': np.float64(0.6383), 'brier': np.float64(0.2235), 'acc': np.float64(0.6336), 'auc': 0.6711, 'ece': np.float64(0.0242)}
12 {'num_leaves': 12, 'min_child_samples': 300, 'colsample_bytree': 0.5, 'learning_rate': 0.01, 'n_estimators': 1200, 'reg_lambda': 15, 'subsample': 0.8, 'halflife': None, 'n': 4015, 'logloss': np.float64(0.6376), 'brier': np.float64(0.2232), 'acc': np.float64(0.6436), 'auc': 0.6719, 'ece': np.float64(0.0218)}
13 {'num_leaves': 6, 'min_child_samples': 200, 'colsample_bytree': 0.5, 'learning_rate': 0.01, 'n_estimators': 800, 'reg_lambda': 80, 'subsample': 0.6, 'halflife': None, 'n': 4015, 'logloss': np.float64(0.6378), 'brier': np.float64(0.2234), 'acc': np.float64(0.6386), 'auc': 0.6704, 'ece': np.float64(0.0167)}
14 {'num_leaves': 12, 'min_child_samples': 120, 'colsample_bytree': 0.25, 'learning_rate': 0.01, 'n_estimators': 300, 'reg_lambda': 40, 'subsample': 1.0, 'halflife': None, 'n': 4015, 'logloss': np.float64(0.6436), 'brier': np.float64(0.226), 'acc': np.float64(0.6344), 'auc': 0.6631, 'ece': np.float64(0.0239)}
15 {'num_leaves': 16, 'min_child_samples': 40, 'colsample_bytree': 0.15, 'learning_rate': 0.015, 'n_estimators': 300, 'reg_lambda': 40, 'subsample': 0.6, 'halflife': 4, 'n': 4015, 'logloss': np.float64(0.6439), 'brier': np.float64(0.2261), 'acc': np.float64(0.6346), 'auc': 0.663, 'ece': np.float64(0.0229)}
16 {'num_leaves': 24, 'min_child_samples': 300, 'colsample_bytree': 0.35, 'learning_rate': 0.006, 'n_estimators': 500, 'reg_lambda': 80, 'subsample': 0.8, 'halflife': None, 'n': 4015, 'logloss': np.float64(0.6463), 'brier': np.float64(0.2272), 'acc': np.float64(0.6296), 'auc': 0.6604, 'ece': np.float64(0.0286)}
17 {'num_leaves': 24, 'min_child_samples': 300, 'colsample_bytree': 0.7, 'learning_rate': 0.015, 'n_estimators': 1200, 'reg_lambda': 40, 'subsample': 0.8, 'halflife': 8, 'n': 4015, 'logloss': np.float64(0.6389), 'brier': np.float64(0.2237), 'acc': np.float64(0.6394), 'auc': 0.6714, 'ece': np.float64(0.0225)}
18 {'num_leaves': 12, 'min_child_samples': 200, 'colsample_bytree': 0.25, 'learning_rate': 0.025, 'n_estimators': 1200, 'reg_lambda': 1, 'subsample': 0.8, 'halflife': 4, 'n': 4015, 'logloss': np.float64(0.6546), 'brier': np.float64(0.2297), 'acc': np.float64(0.6254), 'auc': 0.6609, 'ece': np.float64(0.0589)}
19 {'num_leaves': 4, 'min_child_samples': 40, 'colsample_bytree': 0.25, 'learning_rate': 0.006, 'n_estimators': 800, 'reg_lambda': 5, 'subsample': 0.8, 'halflife': 8, 'n': 4015, 'logloss': np.float64(0.6419), 'brier': np.float64(0.2253), 'acc': np.float64(0.6346), 'auc': 0.6639, 'ece': np.float64(0.0173)}
20 {'num_leaves': 8, 'min_child_samples': 40, 'colsample_bytree': 0.15, 'learning_rate': 0.01, 'n_estimators': 500, 'reg_lambda': 15, 'subsample': 0.6, 'halflife': 8, 'n': 4015, 'logloss': np.float64(0.6403), 'brier': np.float64(0.2245), 'acc': np.float64(0.6399), 'auc': 0.667, 'ece': np.float64(0.0172)}
21 {'num_leaves': 12, 'min_child_samples': 300, 'colsample_bytree': 0.7, 'learning_rate': 0.015, 'n_estimators': 300, 'reg_lambda': 5, 'subsample': 1.0, 'halflife': 4, 'n': 4015, 'logloss': np.float64(0.6383), 'brier': np.float64(0.2237), 'acc': np.float64(0.6386), 'auc': 0.6696, 'ece': np.float64(0.0154)}
22 {'num_leaves': 24, 'min_child_samples': 200, 'colsample_bytree': 0.7, 'learning_rate': 0.006, 'n_estimators': 500, 'reg_lambda': 40, 'subsample': 0.8, 'halflife': 4, 'n': 4015, 'logloss': np.float64(0.6444), 'brier': np.float64(0.2264), 'acc': np.float64(0.6354), 'auc': 0.6641, 'ece': np.float64(0.0289)}
23 {'num_leaves': 4, 'min_child_samples': 120, 'colsample_bytree': 0.15, 'learning_rate': 0.015, 'n_estimators': 1200, 'reg_lambda': 40, 'subsample': 0.6, 'halflife': 4, 'n': 4015, 'logloss': np.float64(0.6373), 'brier': np.float64(0.2233), 'acc': np.float64(0.6374), 'auc': 0.6711, 'ece': np.float64(0.0159)}
 num_leaves  min_child_samples  colsample_bytree  learning_rate  n_estimators  reg_lambda  subsample  halflife    n  logloss  brier    acc    auc    ece
          8                 40              0.25          0.015           800           5        0.6       NaN 4015   0.6349 0.2222 0.6349 0.6747 0.0214
         16                 80              0.25          0.015           800          40        1.0       NaN 4015   0.6366 0.2229 0.6376 0.6731 0.0218
          4                120              0.15          0.015          1200          40        0.6       4.0 4015   0.6373 0.2233 0.6374 0.6711 0.0159
          4                 40              0.25          0.010           800          15        0.6       NaN 4015   0.6376 0.2234 0.6403 0.6698 0.0178
         12                300              0.50          0.010          1200          15        0.8       NaN 4015   0.6376 0.2232 0.6436 0.6719 0.0218
          6                 80              0.35          0.015           500          40        0.8       NaN 4015   0.6376 0.2234 0.6364 0.6702 0.0156
          6                200              0.50          0.010           800          80        0.6       NaN 4015   0.6378 0.2234 0.6386 0.6704 0.0167
         24                120              0.70          0.025           500          80        0.8       NaN 4015   0.6383 0.2235 0.6336 0.6711 0.0242
